
> temp_app@0.1.0 test:run
> vitest run

node.exe : [33mThe CJS build of Vite's 
Node API is deprecated. See https://vite
.dev/guide/troubleshooting.html#vite-cjs
-node-api-deprecated for more 
details.[39m
At line:1 char:1
+ & "C:\Program Files\nodejs/node.exe" 
"C:\Program Files\nodejs/node_mo ...
+ ~~~~~~~~~~~~~~~~~~~~~~~~~~~~~~~~~~~~~~
~~~~~~~~~~~~~~~~~~~~~~~~~~~~~~~
    + CategoryInfo          : NotSpecif 
   ied: ([33mThe CJS bu...e details.  
  [39m:String) [], RemoteException
    + FullyQualifiedErrorId : NativeCom 
   mandError
 

[1m[7m[36m RUN [39m[27m[22m [36mv2.1.9 [39m[90mC:/Git/Schoolgle_Improvement[39m

 [31mÔØ»[39m apps/platform/src/components/OfstedFrameworkView.test.tsx [2m([22m[2m0 test[22m[2m)[22m
 [31mÔØ»[39m apps/platform/src/lib/evidence-requirements.test.ts [2m([22m[2m0 test[22m[2m)[22m
 [31mÔØ»[39m apps/platform/src/lib/ai-evidence-matcher.test.ts [2m([22m[2m0 test[22m[2m)[22m
 [31mÔØ»[39m apps/platform/src/lib/assessment-updater.test.ts [2m([22m[2m0 test[22m[2m)[22m
 [31mÔØ»[39m apps/platform/src/lib/ofsted-framework.test.ts [2m([22m[2m0 test[22m[2m)[22m
 [31mÔØ»[39m apps/platform/src/lib/extractors.test.ts [2m([22m[2m0 test[22m[2m)[22m

[31mÔÄ»ÔÄ»ÔÄ»ÔÄ»ÔÄ»ÔÄ»[1m[7m Failed 
Suites 6 
[27m[22mÔÄ»ÔÄ»ÔÄ»ÔÄ»ÔÄ»ÔÄ»ÔÄ»[39m

[31m[1m[7m FAIL [27m[22m[39m apps/
platform/src/components/OfstedFrameworkV
iew.test.tsx[2m [ apps/platform/src/com
ponents/OfstedFrameworkView.test.tsx 
][22m
[31m[1m[7m FAIL [27m[22m[39m apps/
platform/src/lib/ai-evidence-matcher.tes
t.ts[2m [ apps/platform/src/lib/ai-evid
ence-matcher.test.ts ][22m
[31m[1m[7m FAIL [27m[22m[39m apps/
platform/src/lib/assessment-updater.test
.ts[2m [ apps/platform/src/lib/assessme
nt-updater.test.ts ][22m
[31m[1m[7m FAIL [27m[22m[39m apps/
platform/src/lib/evidence-requirements.t
est.ts[2m [ apps/platform/src/lib/evide
nce-requirements.test.ts ][22m
[31m[1m[7m FAIL [27m[22m[39m apps/
platform/src/lib/extractors.test.ts[2m 
[ apps/platform/src/lib/extractors.test.
ts ][22m
[31m[1m[7m FAIL [27m[22m[39m apps/
platform/src/lib/ofsted-framework.test.t
s[2m [ apps/platform/src/lib/ofsted-fra
mework.test.ts ][22m
[31m[1mError[22m: Transform failed 
with 1 error:
C:/Git/Schoolgle_Improvement/src/test/se
tup.ts:38:47: ERROR: Expected ">" but 
found "{"[39m
  Plugin: [35mvite:esbuild[39m
  File: [36mC:/Git/Schoolgle_Improvemen
t/src/test/setup.ts[39m:38:47
[33m  
  [33mExpected ">" but found "{"[33m
  36 |  vi.mock('framer-motion', () => 
({
  37 |    motion: {
  38 |      div: ({ children, ...props 
}: any) => <div 
{...props}>{children}</div>,
     |                                  
               ^
  39 |      span: ({ children, ...props 
}: any) => <span 
{...props}>{children}</span>,
  40 |      button: ({ children, 
...props }: any) => <button 
{...props}>{children}</button>,
  [39m
[90m [2mÔØ»[22m failureErrorWithLog n
ode_modules/esbuild/lib/main.js:[2m1472
:15[22m[39m
[90m [2mÔØ»[22m node_modules/esbuild/
lib/main.js:[2m755:50[22m[39m
[90m [2mÔØ»[22m 
responseCallbacks.<computed> node_module
s/esbuild/lib/main.js:[2m622:9[22m[39
m
[90m [2mÔØ»[22m handleIncomingPacket 
node_modules/esbuild/lib/main.js:[2m677
:12[22m[39m
[90m [2mÔØ»[22m 
Socket.readFromStdout node_modules/esbui
ld/lib/main.js:[2m600:7[22m[39m

[2m Test Files [22m [1m[31m6 failed[39m[22m[90m (6)[39m
[2m      Tests [22m [2mno tests[22m
[2m   Start at [22m 10:39:14
[2m   Duration [22m 1.13s[2m (transform 23ms, setup 0ms, collect 0ms, tests 0ms, environment 3.51s, prepare 933ms)[22m

[31m[2mÔÄ»ÔÄ»ÔÄ»ÔÄ»ÔÄ»ÔÄ»ÔÄ»ÔÄ»ÔÄ»ÔÄ»Ô
Ä»ÔÄ»ÔÄ»ÔÄ»ÔÄ»ÔÄ»ÔÄ»ÔÄ»ÔÄ»ÔÄ»ÔÄ»ÔÄ»ÔÄ»ÔÄ
»[1/6]ÔÄ»[22m[39m

